Graph with no vertices
Simple, undirected graph
0 0 0 0
0 0 2 2
0 2 2 2
0 2 2 0
Simple, directed graph
0 1 0
0 1 1
0 2 1
1 2 1
Undirected, self-loops, no multiedges
0 0 0 0
0 0 1 1
0 1 2 3
0 1 3 4
Directed, self-loops, no multiedges
0 0 0
0 2 2
0 1 2
1 1 2
Undirected multigraph, no self-loops
0 0 0 0 0
0 0 1 0 1
0 1 4 0 4
0 0 0 0 0
0 1 4 0 0
Directed multigraph, no self-loops
0 1 0
0 1 1
0 2 1
0 0 0
0 4 1
Undirected multigraph with self-loops
0 0 0 0 0
0 0 1 0 1
0 1 2 0 3
0 0 0 0 0
0 1 3 0 6
Directed multigraph with self-loops
0 0 0
0 2 2
0 1 2
0 0 0
0 3 2
Weighted, simple, undirected graph
0 0 0 0
0 0 2 7
0 2 0 5
0 7 5 0
Weighted, simple, directed graph
0  1  0
0  3  2
0 -2 -1
7  9  6
Weighted, undirected, self-loops, no multiedges
0 0  0  0
0 0  6  8
0 6  4 11
0 8 11 18
Weighted, directed, self-loops, no multiedges
 0  0  0
 0 12 10
 0  3  3
11  8 19
Weighted, undirected multigraph, no self-loops
0 0  0 0  0
0 0  6 0  8
0 6  6 0 19
0 0  0 0  0
0 8 19 0  0
Weighted, directed multigraph, no self-loops
0  4 0
0  6 5
0  4 2
0  0 0
0 36 9
Weighted, undirected multigraph with self-loops
0 0  0 0  0
0 0  7 0  9
0 7  4 0 12
0 0  0 0  0
0 9 12 0 30
Weighted, directed multigraph with self-loops
0  0  0
0 12 10
0  3  3
0  0  0
0 31 19
Automatic resize, dout or din < 0
0 1 0
0 1 1
0 2 1
1 2 1
Valid dout and din
0 1 0 0 0
0 1 1 0 0
0 2 1 0 0
1 2 1 0 0
0 0 0 0 0
Automatic resize, dout or din < 0
0 0 0 0
0 0 2 2
0 2 2 2
0 2 2 0
Valid dout and din
0 0 0 0 0
0 0 2 2 0
0 2 2 2 0
0 2 2 0 0
0 0 0 0 0
